Component: ARM Compiler 5.06 update 3 (build 300) Tool: armlink [4d35c9]

==============================================================================

Section Cross References

    main.o(.text) refers to _printf_percent.o(.ARM.Collect$$_printf_percent$$00000000) for _printf_percent
    main.o(.text) refers to _printf_d.o(.ARM.Collect$$_printf_percent$$00000009) for _printf_d
    main.o(.text) refers to _printf_dec.o(.text) for _printf_int_dec
    main.o(.text) refers to delay.o(.text) for delay_init
    main.o(.text) refers to misc.o(.text) for NVIC_PriorityGroupConfig
    main.o(.text) refers to usart.o(.text) for Usart1_Init
    main.o(.text) refers to led.o(.text) for LED_Init
    main.o(.text) refers to dht11.o(.text) for DHT11_Init
    main.o(.text) refers to esp8266_1.o(.text) for ESP8266_Init
    main.o(.text) refers to onenet.o(.text) for OneNet_DevLink
    main.o(.text) refers to __2sprintf.o(.text) for __2sprintf
    main.o(.text) refers to main.o(.constdata) for .constdata
    main.o(.text) refers to main.o(.data) for humidity
    main.o(.text) refers to main.o(.bss) for buff
    main.o(.constdata) refers to main.o(.conststring) for .conststring
    system_stm32f10x.o(.text) refers to system_stm32f10x.o(.data) for SystemCoreClock
    led.o(.text) refers to stm32f10x_rcc.o(.text) for RCC_APB2PeriphClockCmd
    led.o(.text) refers to stm32f10x_gpio.o(.text) for GPIO_Init
    iic.o(.text) refers to stm32f10x_rcc.o(.text) for RCC_APB2PeriphClockCmd
    iic.o(.text) refers to stm32f10x_gpio.o(.text) for GPIO_Init
    iic.o(.text) refers to delay.o(.text) for delay_us
    iic.o(.text) refers to iic.o(.constdata) for F8X16
    iic.o(.text) refers to iic.o(.data) for Hzk
    iic.o(.text) refers to iic.o(.bss) for OLED_Diagrams
    dht11.o(.text) refers to stm32f10x_rcc.o(.text) for RCC_APB2PeriphClockCmd
    dht11.o(.text) refers to stm32f10x_gpio.o(.text) for GPIO_Init
    dht11.o(.text) refers to delay.o(.text) for delay_ms
    delay.o(.text) refers to misc.o(.text) for SysTick_CLKSourceConfig
    delay.o(.text) refers to system_stm32f10x.o(.data) for SystemCoreClock
    delay.o(.text) refers to delay.o(.data) for fac_us
    sys.o(.text) refers to misc.o(.text) for NVIC_PriorityGroupConfig
    usart.o(.text) refers to stm32f10x_rcc.o(.text) for RCC_APB2PeriphClockCmd
    usart.o(.text) refers to stm32f10x_gpio.o(.text) for GPIO_Init
    usart.o(.text) refers to stm32f10x_usart.o(.text) for USART_Init
    usart.o(.text) refers to misc.o(.text) for NVIC_Init
    usart.o(.text) refers to vsnprintf.o(.text) for vsnprintf
    startup_stm32f10x_hd.o(STACK) refers (Special) to heapauxi.o(.text) for __use_two_region_memory
    startup_stm32f10x_hd.o(HEAP) refers (Special) to heapauxi.o(.text) for __use_two_region_memory
    startup_stm32f10x_hd.o(RESET) refers (Special) to heapauxi.o(.text) for __use_two_region_memory
    startup_stm32f10x_hd.o(RESET) refers to startup_stm32f10x_hd.o(STACK) for __initial_sp
    startup_stm32f10x_hd.o(RESET) refers to startup_stm32f10x_hd.o(.text) for Reset_Handler
    startup_stm32f10x_hd.o(RESET) refers to stm32f10x_it.o(.text) for NMI_Handler
    startup_stm32f10x_hd.o(RESET) refers to usart.o(.text) for USART1_IRQHandler
    startup_stm32f10x_hd.o(RESET) refers to esp8266_1.o(.text) for USART2_IRQHandler
    startup_stm32f10x_hd.o(.text) refers (Special) to heapauxi.o(.text) for __use_two_region_memory
    startup_stm32f10x_hd.o(.text) refers to system_stm32f10x.o(.text) for SystemInit
    startup_stm32f10x_hd.o(.text) refers to __main.o(!!!main) for __main
    startup_stm32f10x_hd.o(.text) refers to startup_stm32f10x_hd.o(HEAP) for Heap_Mem
    startup_stm32f10x_hd.o(.text) refers to startup_stm32f10x_hd.o(STACK) for Stack_Mem
    stm32f10x_gpio.o(.text) refers to stm32f10x_rcc.o(.text) for RCC_APB2PeriphResetCmd
    stm32f10x_rcc.o(.text) refers to stm32f10x_rcc.o(.data) for APBAHBPrescTable
    stm32f10x_usart.o(.text) refers to stm32f10x_rcc.o(.text) for RCC_APB2PeriphResetCmd
    stm32f10x_tim.o(.text) refers to stm32f10x_rcc.o(.text) for RCC_APB2PeriphResetCmd
    esp8266_1.o(.text) refers to _printf_percent.o(.ARM.Collect$$_printf_percent$$00000000) for _printf_percent
    esp8266_1.o(.text) refers to _printf_d.o(.ARM.Collect$$_printf_percent$$00000009) for _printf_d
    esp8266_1.o(.text) refers to _printf_dec.o(.text) for _printf_int_dec
    esp8266_1.o(.text) refers to rt_memclr.o(.text) for __aeabi_memclr
    esp8266_1.o(.text) refers to strlen.o(.text) for strlen
    esp8266_1.o(.text) refers to usart.o(.text) for Usart_SendString
    esp8266_1.o(.text) refers to strstr.o(.text) for strstr
    esp8266_1.o(.text) refers to delay.o(.text) for delay_ms
    esp8266_1.o(.text) refers to __2sprintf.o(.text) for __2sprintf
    esp8266_1.o(.text) refers to strchr.o(.text) for strchr
    esp8266_1.o(.text) refers to stm32f10x_rcc.o(.text) for RCC_APB2PeriphClockCmd
    esp8266_1.o(.text) refers to stm32f10x_gpio.o(.text) for GPIO_Init
[...]
    .ARM.Collect$$libinit$$0000001D          0x0800025a   Section        0  libinit2.o(.ARM.Collect$$libinit$$0000001D)
    .ARM.Collect$$libinit$$0000001F          0x0800025a   Section        0  libinit2.o(.ARM.Collect$$libinit$$0000001F)
    .ARM.Collect$$libinit$$00000021          0x0800025a   Section        0  libinit2.o(.ARM.Collect$$libinit$$00000021)
    .ARM.Collect$$libinit$$00000023          0x0800025a   Section        0  libinit2.o(.ARM.Collect$$libinit$$00000023)
    .ARM.Collect$$libinit$$00000025          0x0800025a   Section        0  libinit2.o(.ARM.Collect$$libinit$$00000025)
    .ARM.Collect$$libinit$$0000002C          0x0800025a   Section        0  libinit2.o(.ARM.Collect$$libinit$$0000002C)
    .ARM.Collect$$libinit$$0000002E          0x0800025a   Section        0  libinit2.o(.ARM.Collect$$libinit$$0000002E)
    .ARM.Collect$$libinit$$00000030          0x0800025a   Section        0  libinit2.o(.ARM.Collect$$libinit$$00000030)
    .ARM.Collect$$libinit$$00000032          0x0800025a   Section        0  libinit2.o(.ARM.Collect$$libinit$$00000032)
    .ARM.Collect$$libinit$$00000033          0x0800025a   Section        2  libinit2.o(.ARM.Collect$$libinit$$00000033)
    .ARM.Collect$$libshutdown$$00000000      0x0800025c   Section        2  libshutdown.o(.ARM.Collect$$libshutdown$$00000000)
    .ARM.Collect$$libshutdown$$00000002      0x0800025e   Section        0  libshutdown2.o(.ARM.Collect$$libshutdown$$00000002)
    .ARM.Collect$$libshutdown$$00000004      0x0800025e   Section        0  libshutdown2.o(.ARM.Collect$$libshutdown$$00000004)
    .ARM.Collect$$libshutdown$$00000007      0x0800025e   Section        0  libshutdown2.o(.ARM.Collect$$libshutdown$$00000007)
    .ARM.Collect$$libshutdown$$0000000A      0x0800025e   Section        0  libshutdown2.o(.ARM.Collect$$libshutdown$$0000000A)
    .ARM.Collect$$libshutdown$$0000000C      0x0800025e   Section        0  libshutdown2.o(.ARM.Collect$$libshutdown$$0000000C)
    .ARM.Collect$$libshutdown$$0000000F      0x0800025e   Section        0  libshutdown2.o(.ARM.Collect$$libshutdown$$0000000F)
    .ARM.Collect$$libshutdown$$00000010      0x0800025e   Section        2  libshutdown2.o(.ARM.Collect$$libshutdown$$00000010)
    .ARM.Collect$$rtentry$$00000000          0x08000260   Section        0  __rtentry.o(.ARM.Collect$$rtentry$$00000000)
    .ARM.Collect$$rtentry$$00000002          0x08000260   Section        0  __rtentry2.o(.ARM.Collect$$rtentry$$00000002)
    .ARM.Collect$$rtentry$$00000004          0x08000260   Section        6  __rtentry4.o(.ARM.Collect$$rtentry$$00000004)
    .ARM.Collect$$rtentry$$00000009          0x08000266   Section        0  __rtentry2.o(.ARM.Collect$$rtentry$$00000009)
    .ARM.Collect$$rtentry$$0000000A          0x08000266   Section        4  __rtentry2.o(.ARM.Collect$$rtentry$$0000000A)
    .ARM.Collect$$rtentry$$0000000C          0x0800026a   Section        0  __rtentry2.o(.ARM.Collect$$rtentry$$0000000C)
    .ARM.Collect$$rtentry$$0000000D          0x0800026a   Section        8  __rtentry2.o(.ARM.Collect$$rtentry$$0000000D)
    .ARM.Collect$$rtexit$$00000000           0x08000272   Section        2  rtexit.o(.ARM.Collect$$rtexit$$00000000)
    .ARM.Collect$$rtexit$$00000002           0x08000274   Section        0  rtexit2.o(.ARM.Collect$$rtexit$$00000002)
    .ARM.Collect$$rtexit$$00000003           0x08000274   Section        4  rtexit2.o(.ARM.Collect$$rtexit$$00000003)
    .ARM.Collect$$rtexit$$00000004           0x08000278   Section        6  rtexit2.o(.ARM.Collect$$rtexit$$00000004)
    .emb_text                                0x08000280   Section        0  maybetermalloc1.o(.emb_text)
    .text                                    0x08000280   Section        0  main.o(.text)
    .text                                    0x080003d4   Section        0  stm32f10x_it.o(.text)
    .text                                    0x080003f0   Section        0  system_stm32f10x.o(.text)
    SetSysClockTo72                          0x080003f1   Thumb Code   214  system_stm32f10x.o(.text)
    SetSysClock                              0x080004c7   Thumb Code     8  system_stm32f10x.o(.text)
    .text                                    0x080005d0   Section        0  led.o(.text)
    .text                                    0x08000608   Section        0  dht11.o(.text)
    .text                                    0x0800079c   Section        0  delay.o(.text)
    .text                                    0x08000870   Section        0  usart.o(.text)
    .text                                    0x08000a58   Section       64  startup_stm32f10x_hd.o(.text)
    .text                                    0x08000a98   Section        0  misc.o(.text)
    .text                                    0x08000b74   Section        0  stm32f10x_gpio.o(.text)
    .text                                    0x08000ed0   Section        0  stm32f10x_rcc.o(.text)
    .text                                    0x08001274   Section        0  stm32f10x_usart.o(.text)
    .text                                    0x0800167c   Section        0  esp8266_1.o(.text)
    .text                                    0x08001a08   Section        0  mqttkit.o(.text)
    .text                                    0x08002804   Section        0  onenet.o(.text)
    .text                                    0x08002f1a   Section        0  h1_alloc.o(.text)
    .text                                    0x08002f78   Section        0  h1_free.o(.text)
    .text                                    0x08002fc8   Section        0  vsnprintf.o(.text)
    .text                                    0x08002ffc   Section        0  __2sprintf.o(.text)
    .text                                    0x08003028   Section        0  _printf_str.o(.text)
    .text                                    0x0800307c   Section        0  _printf_dec.o(.text)
    .text                                    0x080030f4   Section        0  __printf_flags_ss_wp.o(.text)
    .text                                    0x0800327c   Section        0  atoi.o(.text)
    .text                                    0x08003296   Section        0  strchr.o(.text)
    .text                                    0x080032aa   Section        0  strncat.o(.text)
    .text                                    0x080032ce   Section        0  strstr.o(.text)
    .text                                    0x080032f2   Section        0  strlen.o(.text)
    .text                                    0x08003330   Section      138  rt_memcpy_v6.o(.text)
    .text                                    0x080033ba   Section       68  rt_memclr.o(.text)
    .text                                    0x080033fe   Section        0  heapauxi.o(.text)
    .text                                    0x08003404   Section        8  rt_heap_descriptor_intlibspace.o(.text)
    .text                                    0x0800340c   Section        8  rt_errno_addr_intlibspace.o(.text)
    .text                                    0x08003414   Section        0  hguard.o(.text)
    .text                                    0x08003418   Section        0  init_alloc.o(.text)
    .text                                    0x080034a2   Section        0  h1_init.o(.text)
    .text                                    0x080034b0   Section        0  _printf_pad.o(.text)
    .text                                    0x080034fe   Section        0  _printf_truncate.o(.text)
    .text                                    0x08003522   Section        0  _printf_intcommon.o(.text)
    .text                                    0x080035d4   Section        0  _printf_charcount.o(.text)
    .text                                    0x080035fc   Section        0  _printf_char_common.o(.text)
    _printf_input_char                       0x080035fd   Thumb Code    10  _printf_char_common.o(.text)
    .text                                    0x0800362c   Section        0  _sputc.o(.text)
    .text                                    0x08003636   Section        0  _snputc.o(.text)
    .text                                    0x08003646   Section        0  _printf_char.o(.text)
    .text                                    0x08003674   Section        0  _printf_wctomb.o(.text)
    .text                                    0x08003730   Section        0  _printf_longlong_dec.o(.text)
    .text                                    0x080037ac   Section        0  _printf_oct_int_ll.o(.text)
    _printf_longlong_oct_internal            0x080037ad   Thumb Code     0  _printf_oct_int_ll.o(.text)
    .text                                    0x0800381c   Section        0  _printf_hex_int_ll_ptr.o(.text)
    _printf_hex_common                       0x0800381d   Thumb Code     0  _printf_hex_int_ll_ptr.o(.text)
    .text                                    0x080038b0   Section        0  strtol.o(.text)
    .text                                    0x08003920   Section      100  rt_memcpy_w.o(.text)
    .text                                    0x08003984   Section       78  rt_memclr_w.o(.text)
    .text                                    0x080039d4   Section        8  libspace.o(.text)
    .text                                    0x080039dc   Section       16  rt_ctype_table.o(.text)
    .text                                    0x080039ec   Section        0  h1_extend.o(.text)
    .text                                    0x08003a20   Section      138  lludiv10.o(.text)
    .text                                    0x08003aaa   Section        0  _printf_fp_dec.o(.text)
    _fp_digits                               0x08003aad   Thumb Code   428  _printf_fp_dec.o(.text)
    .text                                    0x08003ec4   Section        0  _printf_fp_hex.o(.text)
    .text                                    0x080041c0   Section        0  _printf_wchar.o(.text)
    .text                                    0x080041ec   Section        0  _strtoul.o(.text)
    .text                                    0x0800428a   Section        0  _wcrtomb.o(.text)
    .text                                    0x080042ca   Section        0  defsig_rtmem_outer.o(.text)
    .text                                    0x080042d8   Section        2  use_no_semi.o(.text)
    .text                                    0x080042da   Section       74  sys_stackheap_outer.o(.text)
    .text                                    0x080042da   Section        0  indicate_semi.o(.text)
    .text                                    0x08004324   Section        8  rt_locale_intlibspace.o(.text)
    .text                                    0x0800432c   Section        0  _printf_fp_infnan.o(.text)
    .text                                    0x080043ac   Section        0  _chval.o(.text)
    .text                                    0x080043c8   Section        0  bigflt0.o(.text)
    .text                                    0x080044a4   Section        0  exit.o(.text)
    .text                                    0x080044b6   Section        0  defsig_exit.o(.text)
    .text                                    0x080044c0   Section        0  defsig_rtmem_inner.o(.text)
    .text                                    0x08004510   Section        0  sys_exit.o(.text)
    .text                                    0x0800451c   Section        0  defsig_general.o(.text)
    .text                                    0x08004550   Section      128  strcmpv7m.o(.text)
    .text                                    0x080045d0   Section        0  sys_wrch.o(.text)
    CL$$btod_d2e                             0x080045de   Section       62  btod.o(CL$$btod_d2e)
    CL$$btod_d2e_denorm_low                  0x0800461c   Section       70  btod.o(CL$$btod_d2e_denorm_low)
    CL$$btod_d2e_norm_op1                    0x08004662   Section       96  btod.o(CL$$btod_d2e_norm_op1)
    CL$$btod_div_common                      0x080046c2   Section      824  btod.o(CL$$btod_div_common)
    CL$$btod_e2e                             0x080049fa   Section      198  btod.o(CL$$btod_e2e)
    CL$$btod_ediv                            0x08004ac0   Section       40  btod.o(CL$$btod_ediv)
    CL$$btod_emul                            0x08004ae8   Section       40  btod.o(CL$$btod_emul)
    CL$$btod_mult_common                     0x08004b10   Section      580  btod.o(CL$$btod_mult_common)
    i.__ARM_fpclassify                       0x08004d54   Section        0  fpclassify.o(i.__ARM_fpclassify)
    i._is_digit                              0x08004d7c   Section        0  __printf_wp.o(i._is_digit)
    locale$$code                             0x08004d8c   Section       44  lc_ctype_c.o(locale$$code)
    locale$$code                             0x08004db8   Section       44  lc_numeric_c.o(locale$$code)
    x$fpl$printf1                            0x08004de4   Section        4  printf1.o(x$fpl$printf1)
    x$fpl$printf2                            0x08004de8   Section        4  printf2.o(x$fpl$printf2)
    .constdata                               0x08004dec   Section        4  main.o(.constdata)
    x$fpl$usenofp                            0x08004dec   Section        0  usenofp.o(x$fpl$usenofp)
    .constdata                               0x08004df0   Section       17  __printf_flags_ss_wp.o(.constdata)
    maptable                                 0x08004df0   Data          17  __printf_flags_ss_wp.o(.constdata)
    .constdata                               0x08004e04   Section        8  _printf_wctomb.o(.constdata)
    initial_mbstate                          0x08004e04   Data           8  _printf_wctomb.o(.constdata)
    .constdata                               0x08004e0c   Section       40  _printf_hex_int_ll_ptr.o(.constdata)
    uc_hextab                                0x08004e0c   Data          20  _printf_hex_int_ll_ptr.o(.constdata)
    lc_hextab                                0x08004e20   Data          20  _printf_hex_int_ll_ptr.o(.constdata)
    .constdata                               0x08004e34   Section       38  _printf_fp_hex.o(.constdata)
    lc_hextab                                0x08004e34   Data          19  _printf_fp_hex.o(.constdata)
    uc_hextab                                0x08004e47   Data          19  _printf_fp_hex.o(.constdata)
    .constdata                               0x08004e5c   Section      148  bigflt0.o(.constdata)
    tenpwrs_x                                0x08004e5c   Data          60  bigflt0.o(.constdata)
    tenpwrs_i                                0x08004e98   Data          64  bigflt0.o(.constdata)
    .conststring                             0x08004ef0   Section       17  main.o(.conststring)
    locale$$data                             0x08004f24   Section      272  lc_ctype_c.o(locale$$data)
    __lcctype_c_name                         0x08004f28   Data           2  lc_ctype_c.o(locale$$data)
    __lcctype_c_start                        0x08004f30   Data           0  lc_ctype_c.o(locale$$data)
    locale$$data                             0x08005034   Section       28  lc_numeric_c.o(locale$$data)
    __lcctype_c_end                          0x08005034   Data           0  lc_ctype_c.o(locale$$data)
    __lcnum_c_name                           0x08005038   Data           2  lc_numeric_c.o(locale$$data)
    __lcnum_c_start                          0x08005040   Data           0  lc_numeric_c.o(locale$$data)
    __lcnum_c_point                          0x0800504c   Data           0  lc_numeric_c.o(locale$$data)
    __lcnum_c_thousands                      0x0800504e   Data           0  lc_numeric_c.o(locale$$data)
    __lcnum_c_grouping                       0x0800504f   Data           0  lc_numeric_c.o(locale$$data)
    __lcnum_c_end                            0x08005050   Data           0  lc_numeric_c.o(locale$$data)
    .data                                    0x20000000   Section        2  main.o(.data)
    .data                                    0x20000004   Section       20  system_stm32f10x.o(.data)
    .data                                    0x20000018   Section        4  delay.o(.data)
    fac_us                                   0x20000018   Data           1  delay.o(.data)
    fac_ms                                   0x2000001a   Data           2  delay.o(.data)
    .data                                    0x2000001c   Section       20  stm32f10x_rcc.o(.data)
    APBAHBPrescTable                         0x2000001c   Data          16  stm32f10x_rcc.o(.data)
    ADCPrescTable                            0x2000002c   Data           4  stm32f10x_rcc.o(.data)
    .data                                    0x20000030   Section        4  esp8266_1.o(.data)
    .data                                    0x20000034   Section        2  onenet.o(.data)
    pkt_id                                   0x20000034   Data           2  onenet.o(.data)
    .bss                                     0x20000038   Section      256  main.o(.bss)
    .bss                                     0x20000138   Section      128  esp8266_1.o(.bss)
    .bss                                     0x200001b8   Section       96  libspace.o(.bss)
    HEAP                                     0x20000218   Section      512  startup_stm32f10x_hd.o(HEAP)
    Heap_Mem                                 0x20000218   Data         512  startup_stm32f10x_hd.o(HEAP)
    STACK                                    0x20000418   Section     1024  startup_stm32f10x_hd.o(STACK)
    Stack_Mem                                0x20000418   Data        1024  startup_stm32f10x_hd.o(STACK)
    __initial_sp                             0x20000818   Data           0  startup_stm32f10x_hd.o(STACK)

    Global Symbols

    Symbol Name                              Value     Ov Type        Size  Object(Section)

    BuildAttributes$$THM_ISAv4$P$D$K$B$S$PE$A:L22UL41UL21$X:L11$S22US41US21$IEEE1$IW$USESV6$~STKCKD$USESV7$~SHL$OTIME$ROPI$IEEEJ$EBA8$UX$STANDARDLIB$REQ8$PRES8$EABIv2 0x00000000   Number         0  anon$$obj.o ABSOLUTE
    __ARM_use_no_argv                        0x00000000   Number         0  main.o ABSOLUTE
    _printf_flags                            0x00000000   Number         0  printf_stubs.o ABSOLUTE
    _printf_return_value                     0x00000000   Number         0  printf_stubs.o ABSOLUTE
    _printf_sizespec                         0x00000000   Number         0  printf_stubs.o ABSOLUTE
    _printf_widthprec                        0x00000000   Number         0  printf_stubs.o ABSOLUTE
    __ARM_exceptions_init                     - Undefined Weak Reference
    __alloca_initialize                       - Undefined Weak Reference
    __arm_preinit_                            - Undefined Weak Reference
    __cpp_initialize__aeabi_                  - Undefined Weak Reference
    __cxa_finalize                            - Undefined Weak Reference
    __sigvec_lookup                           - Undefined Weak Reference
    __user_heap_extent                        - Undefined Weak Reference
    _atexit_init                              - Undefined Weak Reference
    _call_atexit_fns                          - Undefined Weak Reference
    _clock_init                               - Undefined Weak Reference
    _fp_trap_init                             - Undefined Weak Reference
    _fp_trap_shutdown                         - Undefined Weak Reference
    _get_lc_collate                           - Undefined Weak Reference
    _get_lc_monetary                          - Undefined Weak Reference
    _get_lc_time                              - Undefined Weak Reference
    _getenv_init                              - Undefined Weak Reference
    _handle_redirection                       - Undefined Weak Reference
    _initio                                   - Undefined Weak Reference
    _mutex_acquire                            - Undefined Weak Reference
    _mutex_free                               - Undefined Weak Reference
    _mutex_release                            - Undefined Weak Reference
    _printf_mbtowc                            - Undefined Weak Reference
    _printf_wc                                - Undefined Weak Reference
    _rand_init                                - Undefined Weak Reference
    _signal_finish                            - Undefined Weak Reference
    _signal_init                              - Undefined Weak Reference
    _terminateio                              - Undefined Weak Reference
    __Vectors_Size                           0x00000130   Number         0  startup_stm32f10x_hd.o ABSOLUTE
    __Vectors                                0x08000000   Data           4  startup_stm32f10x_hd.o(RESET)
    __Vectors_End                            0x08000130   Data           0  startup_stm32f10x_hd.o(RESET)
    __main                                   0x08000131   Thumb Code     8  __main.o(!!!main)
    __scatterload                            0x08000139   Thumb Code     0  __scatter.o(!!!scatter)
    __scatterload_rt2                        0x08000139   Thumb Code    44  __scatter.o(!!!scatter)
    __scatterload_rt2_thumb_only             0x08000139   Thumb Code     0  __scatter.o(!!!scatter)
    __scatterload_null                       0x08000147   Thumb Code     0  __scatter.o(!!!scatter)
    __scatterload_copy                       0x0800016d   Thumb Code    26  __scatter_copy.o(!!handler_copy)
    __scatterload_zeroinit                   0x08000189   Thumb Code    28  __scatter_zi.o(!!handler_zi)
    _printf_n                                0x080001a5   Thumb Code     0  _printf_n.o(.ARM.Collect$$_printf_percent$$00000001)
    _printf_percent                          0x080001a5   Thumb Code     0  _printf_percent.o(.ARM.Collect$$_printf_percent$$00000000)
    _printf_p                                0x080001ab   Thumb Code     0  _printf_p.o(.ARM.Collect$$_printf_percent$$00000002)
    _printf_f                                0x080001b1   Thumb Code     0  _printf_f.o(.ARM.Collect$$_printf_percent$$00000003)
    _printf_e                                0x080001b7   Thumb Code     0  _printf_e.o(.ARM.Collect$$_printf_percent$$00000004)
    _printf_g                                0x080001bd   Thumb Code     0  _printf_g.o(.ARM.Collect$$_printf_percent$$00000005)
    _printf_a                                0x080001c3   Thumb Code     0  _printf_a.o(.ARM.Collect$$_printf_percent$$00000006)
    _printf_ll                               0x080001c9   Thumb Code     0  _printf_ll.o(.ARM.Collect$$_printf_percent$$00000007)
    _printf_i                                0x080001d3   Thumb Code     0  _printf_i.o(.ARM.Collect$$_printf_percent$$00000008)
    _printf_d                                0x080001d9   Thumb Code     0  _printf_d.o(.ARM.Collect$$_printf_percent$$00000009)
    _printf_u                                0x080001df   Thumb Code     0  _printf_u.o(.ARM.Collect$$_printf_percent$$0000000A)
    _printf_o                                0x080001e5   Thumb Code     0  _printf_o.o(.ARM.Collect$$_printf_percent$$0000000B)
    _printf_x                                0x080001eb   Thumb Code     0  _printf_x.o(.ARM.Collect$$_printf_percent$$0000000C)
    _printf_lli                              0x080001f1   Thumb Code     0  _printf_lli.o(.ARM.Collect$$_printf_percent$$0000000D)
    _printf_lld                              0x080001f7   Thumb Code     0  _printf_lld.o(.ARM.Collect$$_printf_percent$$0000000E)
    _printf_llu                              0x080001fd   Thumb Code     0  _printf_llu.o(.ARM.Collect$$_printf_percent$$0000000F)
    _printf_llo                              0x08000203   Thumb Code     0  _printf_llo.o(.ARM.Collect$$_printf_percent$$00000010)
    _printf_llx                              0x08000209   Thumb Code     0  _printf_llx.o(.ARM.Collect$$_printf_percent$$00000011)
    _printf_l                                0x0800020f   Thumb Code     0  _printf_l.o(.ARM.Collect$$_printf_percent$$00000012)
    _printf_c                                0x08000219   Thumb Code     0  _printf_c.o(.ARM.Collect$$_printf_percent$$00000013)
    _printf_s                                0x0800021f   Thumb Code     0  _printf_s.o(.ARM.Collect$$_printf_percent$$00000014)
    _printf_lc                               0x08000225   Thumb Code     0  _printf_lc.o(.ARM.Collect$$_printf_percent$$00000015)
    _printf_ls                               0x0800022b   Thumb Code     0  _printf_ls.o(.ARM.Collect$$_printf_percent$$00000016)
    _printf_percent_end                      0x08000231   Thumb Code     0  _printf_percent_end.o(.ARM.Collect$$_printf_percent$$00000017)
    __rt_lib_init                            0x08000235   Thumb Code     0  libinit.o(.ARM.Collect$$libinit$$00000000)
    __rt_lib_init_fp_1                       0x08000237   Thumb Code     0  libinit2.o(.ARM.Collect$$libinit$$00000002)
    __rt_lib_init_heap_2                     0x08000237   Thumb Code     0  libinit2.o(.ARM.Collect$$libinit$$00000005)
    __rt_lib_init_preinit_1                  0x08000237   Thumb Code     0  libinit2.o(.ARM.Collect$$libinit$$00000004)
    __rt_lib_init_heap_1                     0x0800023f   Thumb Code     0  libinit2.o(.ARM.Collect$$libinit$$0000000A)
    __rt_lib_init_lc_common                  0x0800023f   Thumb Code     0  libinit2.o(.ARM.Collect$$libinit$$0000000F)
    __rt_lib_init_rand_1                     0x0800023f   Thumb Code     0  libinit2.o(.ARM.Collect$$libinit$$0000000E)
    __rt_lib_init_user_alloc_1               0x0800023f   Thumb Code     0  libinit2.o(.ARM.Collect$$libinit$$0000000C)
    __rt_lib_init_lc_collate_1               0x08000245   Thumb Code     0  libinit2.o(.ARM.Collect$$libinit$$00000011)
    __rt_lib_init_lc_ctype_2                 0x08000245   Thumb Code     0  libinit2.o(.ARM.Collect$$libinit$$00000012)
    __rt_lib_init_lc_ctype_1                 0x08000251   Thumb Code     0  libinit2.o(.ARM.Collect$$libinit$$00000013)
    __rt_lib_init_lc_monetary_1              0x08000251   Thumb Code     0  libinit2.o(.ARM.Collect$$libinit$$00000015)
    __rt_lib_init_lc_numeric_2               0x08000251   Thumb Code     0  libinit2.o(.ARM.Collect$$libinit$$00000016)
    __rt_lib_init_alloca_1                   0x0800025b   Thumb Code     0  libinit2.o(.ARM.Collect$$libinit$$0000002E)
    __rt_lib_init_argv_1                     0x0800025b   Thumb Code     0  libinit2.o(.ARM.Collect$$libinit$$0000002C)
    __rt_lib_init_atexit_1                   0x0800025b   Thumb Code     0  libinit2.o(.ARM.Collect$$libinit$$0000001B)
    __rt_lib_init_clock_1                    0x0800025b   Thumb Code     0  libinit2.o(.ARM.Collect$$libinit$$00000021)
    __rt_lib_init_cpp_1                      0x0800025b   Thumb Code     0  libinit2.o(.ARM.Collect$$libinit$$00000032)
    __rt_lib_init_exceptions_1               0x0800025b   Thumb Code     0  libinit2.o(.ARM.Collect$$libinit$$00000030)
    __rt_lib_init_fp_trap_1                  0x0800025b   Thumb Code     0  libinit2.o(.ARM.Collect$$libinit$$0000001F)
    __rt_lib_init_getenv_1                   0x0800025b   Thumb Code     0  libinit2.o(.ARM.Collect$$libinit$$00000023)
    __rt_lib_init_lc_numeric_1               0x0800025b   Thumb Code     0  libinit2.o(.ARM.Collect$$libinit$$00000017)
    __rt_lib_init_lc_time_1                  0x0800025b   Thumb Code     0  libinit2.o(.ARM.Collect$$libinit$$00000019)
    __rt_lib_init_return                     0x0800025b   Thumb Code     0  libinit2.o(.ARM.Collect$$libinit$$00000033)
    __rt_lib_init_signal_1                   0x0800025b   Thumb Code     0  libinit2.o(.ARM.Collect$$libinit$$0000001D)
    __rt_lib_init_stdio_1                    0x0800025b   Thumb Code     0  libinit2.o(.ARM.Collect$$libinit$$00000025)
    __rt_lib_shutdown                        0x0800025d   Thumb Code     0  libshutdown.o(.ARM.Collect$$libshutdown$$00000000)
    __rt_lib_shutdown_cpp_1                  0x0800025f   Thumb Code     0  libshutdown2.o(.ARM.Collect$$libshutdown$$00000002)
    __rt_lib_shutdown_fp_trap_1              0x0800025f   Thumb Code     0  libshutdown2.o(.ARM.Collect$$libshutdown$$00000007)
    __rt_lib_shutdown_heap_1                 0x0800025f   Thumb Code     0  libshutdown2.o(.ARM.Collect$$libshutdown$$0000000F)
    __rt_lib_shutdown_return                 0x0800025f   Thumb Code     0  libshutdown2.o(.ARM.Collect$$libshutdown$$00000010)
    __rt_lib_shutdown_signal_1               0x0800025f   Thumb Code     0  libshutdown2.o(.ARM.Collect$$libshutdown$$0000000A)
    __rt_lib_shutdown_stdio_1                0x0800025f   Thumb Code     0  libshutdown2.o(.ARM.Collect$$libshutdown$$00000004)
    __rt_lib_shutdown_user_alloc_1           0x0800025f   Thumb Code     0  libshutdown2.o(.ARM.Collect$$libshutdown$$0000000C)
    __rt_entry                               0x08000261   Thumb Code     0  __rtentry.o(.ARM.Collect$$rtentry$$00000000)
    __rt_entry_presh_1                       0x08000261   Thumb Code     0  __rtentry2.o(.ARM.Collect$$rtentry$$00000002)
    __rt_entry_sh                            0x08000261   Thumb Code     0  __rtentry4.o(.ARM.Collect$$rtentry$$00000004)
    __rt_entry_li                            0x08000267   Thumb Code     0  __rtentry2.o(.ARM.Collect$$rtentry$$0000000A)
    __rt_entry_postsh_1                      0x08000267   Thumb Code     0  __rtentry2.o(.ARM.Collect$$rtentry$$00000009)
    __rt_entry_main                          0x0800026b   Thumb Code     0  __rtentry2.o(.ARM.Collect$$rtentry$$0000000D)
    __rt_entry_postli_1                      0x0800026b   Thumb Code     0  __rtentry2.o(.ARM.Collect$$rtentry$$0000000C)
    __rt_exit                                0x08000273   Thumb Code     0  rtexit.o(.ARM.Collect$$rtexit$$00000000)
    __rt_exit_ls                             0x08000275   Thumb Code     0  rtexit2.o(.ARM.Collect$$rtexit$$00000003)
    __rt_exit_prels_1                        0x08000275   Thumb Code     0  rtexit2.o(.ARM.Collect$$rtexit$$00000002)
    __rt_exit_exit                           0x08000279   Thumb Code     0  rtexit2.o(.ARM.Collect$$rtexit$$00000004)
    _maybe_terminate_alloc                   0x08000281   Thumb Code     0  maybetermalloc1.o(.emb_text)
    main                                     0x08000281   Thumb Code   194  main.o(.text)
    NMI_Handler                              0x080003d5   Thumb Code     2  stm32f10x_it.o(.text)
    HardFault_Handler                        0x080003d7   Thumb Code     4  stm32f10x_it.o(.text)
    MemManage_Handler                        0x080003db   Thumb Code     4  stm32f10x_it.o(.text)
    BusFault_Handler                         0x080003df   Thumb Code     4  stm32f10x_it.o(.text)
    UsageFault_Handler                       0x080003e3   Thumb Code     4  stm32f10x_it.o(.text)
    SVC_Handler                              0x080003e7   Thumb Code     2  stm32f10x_it.o(.text)
    DebugMon_Handler                         0x080003e9   Thumb Code     2  stm32f10x_it.o(.text)
    PendSV_Handler                           0x080003eb   Thumb Code     2  stm32f10x_it.o(.text)
    SysTick_Handler                          0x080003ed   Thumb Code     2  stm32f10x_it.o(.text)
    SystemInit                               0x080004cf   Thumb Code    78  system_stm32f10x.o(.text)
    SystemCoreClockUpdate                    0x0800051d   Thumb Code   142  system_stm32f10x.o(.text)
    LED_Init                                 0x080005d1   Thumb Code    50  led.o(.text)
    DHT11_Init                               0x08000609   Thumb Code    46  dht11.o(.text)
    DHT11_Ack                                0x08000637   Thumb Code    52  dht11.o(.text)
    DHT11_Check                              0x0800066b   Thumb Code    96  dht11.o(.text)
    DHT11_Read_Bit                           0x080006cb   Thumb Code    76  dht11.o(.text)
    DHT11_Read_Byte                          0x08000717   Thumb Code    30  dht11.o(.text)
    DHT11_Read_Data                          0x08000735   Thumb Code    88  dht11.o(.text)
    delay_init                               0x0800079d   Thumb Code    50  delay.o(.text)
    delay_us                                 0x080007cf   Thumb Code    72  delay.o(.text)
    delay_ms                                 0x08000817   Thumb Code    72  delay.o(.text)
    Usart1_Init                              0x08000871   Thumb Code   166  usart.o(.text)
    Usart2_Init                              0x08000917   Thumb Code   162  usart.o(.text)
    Usart_SendString                         0x080009b9   Thumb Code    50  usart.o(.text)
    UsartPrintf                              0x080009eb   Thumb Code    72  usart.o(.text)
    USART1_IRQHandler                        0x08000a33   Thumb Code    24  usart.o(.text)
    Reset_Handler                            0x08000a59   Thumb Code     8  startup_stm32f10x_hd.o(.text)
    ADC1_2_IRQHandler                        0x08000a73   Thumb Code     0  startup_stm32f10x_hd.o(.text)
    ADC3_IRQHandler                          0x08000a73   Thumb Code     0  startup_stm32f10x_hd.o(.text)
    CAN1_RX1_IRQHandler                      0x08000a73   Thumb Code     0  startup_stm32f10x_hd.o(.text)
    CAN1_SCE_IRQHandler                      0x08000a73   Thumb Code     0  startup_stm32f10x_hd.o(.text)
    DMA1_Channel1_IRQHandler                 0x08000a73   Thumb Code     0  startup_stm32f10x_hd.o(.text)
    DMA1_Channel2_IRQHandler                 0x08000a73   Thumb Code     0  startup_stm32f10x_hd.o(.text)
    DMA1_Channel3_IRQHandler                 0x08000a73   Thumb Code     0  startup_stm32f10x_hd.o(.text)
    DMA1_Channel4_IRQHandler                 0x08000a73   Thumb Code     0  startup_stm32f10x_hd.o(.text)
    DMA1_Channel5_IRQHandler                 0x08000a73   Thumb Code     0  startup_stm32f10x_hd.o(.text)
    DMA1_Channel6_IRQHandler                 0x08000a73   Thumb Code     0  startup_stm32f10x_hd.o(.text)
    DMA1_Channel7_IRQHandler                 0x08000a73   Thumb Code     0  startup_stm32f10x_hd.o(.text)
    DMA2_Channel1_IRQHandler                 0x08000a73   Thumb Code     0  startup_stm32f10x_hd.o(.text)
    DMA2_Channel2_IRQHandler                 0x08000a73   Thumb Code     0  startup_stm32f10x_hd.o(.text)
    DMA2_Channel3_IRQHandler                 0x08000a73   Thumb Code     0  startup_stm32f10x_hd.o(.text)
    DMA2_Channel4_5_IRQHandler               0x08000a73   Thumb Code     0  startup_stm32f10x_hd.o(.text)
    EXTI0_IRQHandler                         0x08000a73   Thumb Code     0  startup_stm32f10x_hd.o(.text)
    EXTI15_10_IRQHandler                     0x08000a73   Thumb Code     0  startup_stm32f10x_hd.o(.text)
    EXTI1_IRQHandler                         0x08000a73   Thumb Code     0  startup_stm32f10x_hd.o(.text)
    EXTI2_IRQHandler                         0x08000a73   Thumb Code     0  startup_stm32f10x_hd.o(.text)
    EXTI3_IRQHandler                         0x08000a73   Thumb Code     0  startup_stm32f10x_hd.o(.text)
    EXTI4_IRQHandler                         0x08000a73   Thumb Code     0  startup_stm32f10x_hd.o(.text)
    EXTI9_5_IRQHandler                       0x08000a73   Thumb Code     0  startup_stm32f10x_hd.o(.text)
    FLASH_IRQHandler                         0x08000a73   Thumb Code     0  startup_stm32f10x_hd.o(.text)
    FSMC_IRQHandler                          0x08000a73   Thumb Code     0  startup_stm32f10x_hd.o(.text)
    I2C1_ER_IRQHandler                       0x08000a73   Thumb Code     0  startup_stm32f10x_hd.o(.text)
    I2C1_EV_IRQHandler                       0x08000a73   Thumb Code     0  startup_stm32f10x_hd.o(.text)
    I2C2_ER_IRQHandler                       0x08000a73   Thumb Code     0  startup_stm32f10x_hd.o(.text)
    I2C2_EV_IRQHandler                       0x08000a73   Thumb Code     0  startup_stm32f10x_hd.o(.text)
    PVD_IRQHandler                           0x08000a73   Thumb Code     0  startup_stm32f10x_hd.o(.text)
    RCC_IRQHandler                           0x08000a73   Thumb Code     0  startup_stm32f10x_hd.o(.text)
    RTCAlarm_IRQHandler                      0x08000a73   Thumb Code     0  startup_stm32f10x_hd.o(.text)
    RTC_IRQHandler                           0x08000a73   Thumb Code     0  startup_stm32f10x_hd.o(.text)
    SDIO_IRQHandler                          0x08000a73   Thumb Code     0  startup_stm32f10x_hd.o(.text)
    SPI1_IRQHandler                          0x08000a73   Thumb Code     0  startup_stm32f10x_hd.o(.text)
    SPI2_IRQHandler                          0x08000a73   Thumb Code     0  startup_stm32f10x_hd.o(.text)
    SPI3_IRQHandler                          0x08000a73   Thumb Code     0  startup_stm32f10x_hd.o(.text)
    TAMPER_IRQHandler                        0x08000a73   Thumb Code     0  startup_stm32f10x_hd.o(.text)
    TIM1_BRK_IRQHandler                      0x08000a73   Thumb Code     0  startup_stm32f10x_hd.o(.text)
    TIM1_CC_IRQHandler                       0x08000a73   Thumb Code     0  startup_stm32f10x_hd.o(.text)
    TIM1_TRG_COM_IRQHandler                  0x08000a73   Thumb Code     0  startup_stm32f10x_hd.o(.text)
    TIM1_UP_IRQHandler                       0x08000a73   Thumb Code     0  startup_stm32f10x_hd.o(.text)
    TIM2_IRQHandler                          0x08000a73   Thumb Code     0  startup_stm32f10x_hd.o(.text)
    TIM3_IRQHandler                          0x08000a73   Thumb Code     0  startup_stm32f10x_hd.o(.text)
    TIM4_IRQHandler                          0x08000a73   Thumb Code     0  startup_stm32f10x_hd.o(.text)
    TIM5_IRQHandler                          0x08000a73   Thumb Code     0  startup_stm32f10x_hd.o(.text)
    TIM6_IRQHandler                          0x08000a73   Thumb Code     0  startup_stm32f10x_hd.o(.text)
    TIM7_IRQHandler                          0x08000a73   Thumb Code     0  startup_stm32f10x_hd.o(.text)
    TIM8_BRK_IRQHandler                      0x08000a73   Thumb Code     0  startup_stm32f10x_hd.o(.text)
    TIM8_CC_IRQHandler                       0x08000a73   Thumb Code     0  startup_stm32f10x_hd.o(.text)
    TIM8_TRG_COM_IRQHandler                  0x08000a73   Thumb Code     0  startup_stm32f10x_hd.o(.text)
    TIM8_UP_IRQHandler                       0x08000a73   Thumb Code     0  startup_stm32f10x_hd.o(.text)
    UART4_IRQHandler                         0x08000a73   Thumb Code     0  startup_stm32f10x_hd.o(.text)
    UART5_IRQHandler                         0x08000a73   Thumb Code     0  startup_stm32f10x_hd.o(.text)
    USART3_IRQHandler                        0x08000a73   Thumb Code     0  startup_stm32f10x_hd.o(.text)
    USBWakeUp_IRQHandler                     0x08000a73   Thumb Code     0  startup_stm32f10x_hd.o(.text)
    USB_HP_CAN1_TX_IRQHandler                0x08000a73   Thumb Code     0  startup_stm32f10x_hd.o(.text)
    USB_LP_CAN1_RX0_IRQHandler               0x08000a73   Thumb Code     0  startup_stm32f10x_hd.o(.text)
    WWDG_IRQHandler                          0x08000a73   Thumb Code     0  startup_stm32f10x_hd.o(.text)
    __user_initial_stackheap                 0x08000a75   Thumb Code     0  startup_stm32f10x_hd.o(.text)
    NVIC_PriorityGroupConfig                 0x08000a99   Thumb Code    10  misc.o(.text)
    NVIC_Init                                0x08000aa3   Thumb Code   100  misc.o(.text)
    NVIC_SetVectorTable                      0x08000b07   Thumb Code    14  misc.o(.text)
    NVIC_SystemLPConfig                      0x08000b15   Thumb Code    34  misc.o(.text)
    SysTick_CLKSourceConfig                  0x08000b37   Thumb Code    40  misc.o(.text)
    GPIO_DeInit                              0x08000b75   Thumb Code   172  stm32f10x_gpio.o(.text)
    GPIO_AFIODeInit                          0x08000c21   Thumb Code    20  stm32f10x_gpio.o(.text)
    GPIO_Init                                0x08000c35   Thumb Code   278  stm32f10x_gpio.o(.text)
    GPIO_StructInit                          0x08000d4b   Thumb Code    16  stm32f10x_gpio.o(.text)
    GPIO_ReadInputDataBit                    0x08000d5b   Thumb Code    18  stm32f10x_gpio.o(.text)
    GPIO_ReadInputData                       0x08000d6d   Thumb Code     8  stm32f10x_gpio.o(.text)
    GPIO_ReadOutputDataBit                   0x08000d75   Thumb Code    18  stm32f10x_gpio.o(.text)
    GPIO_ReadOutputData                      0x08000d87   Thumb Code     8  stm32f10x_gpio.o(.text)
    GPIO_SetBits                             0x08000d8f   Thumb Code     4  stm32f10x_gpio.o(.text)
    GPIO_ResetBits                           0x08000d93   Thumb Code     4  stm32f10x_gpio.o(.text)
    GPIO_WriteBit                            0x08000d97   Thumb Code    10  stm32f10x_gpio.o(.text)
    GPIO_Write                               0x08000da1   Thumb Code     4  stm32f10x_gpio.o(.text)
    GPIO_PinLockConfig                       0x08000da5   Thumb Code    18  stm32f10x_gpio.o(.text)
    GPIO_EventOutputConfig                   0x08000db7   Thumb Code    26  stm32f10x_gpio.o(.text)
    GPIO_EventOutputCmd                      0x08000dd1   Thumb Code     6  stm32f10x_gpio.o(.text)
    GPIO_PinRemapConfig                      0x08000dd7   Thumb Code   138  stm32f10x_gpio.o(.text)
    GPIO_EXTILineConfig                      0x08000e61   Thumb Code    66  stm32f10x_gpio.o(.text)
    GPIO_ETH_MediaInterfaceConfig            0x08000ea3   Thumb Code     8  stm32f10x_gpio.o(.text)
    RCC_DeInit                               0x08000ed1   Thumb Code    64  stm32f10x_rcc.o(.text)
    RCC_HSEConfig                            0x08000f11   Thumb Code    70  stm32f10x_rcc.o(.text)
    RCC_GetFlagStatus                        0x08000f57   Thumb Code    56  stm32f10x_rcc.o(.text)
    RCC_WaitForHSEStartUp                    0x08000f8f   Thumb Code    56  stm32f10x_rcc.o(.text)
    RCC_AdjustHSICalibrationValue            0x08000fc7   Thumb Code    20  stm32f10x_rcc.o(.text)
    RCC_HSICmd                               0x08000fdb   Thumb Code     6  stm32f10x_rcc.o(.text)
    RCC_PLLConfig                            0x08000fe1   Thumb Code    24  stm32f10x_rcc.o(.text)
    RCC_PLLCmd                               0x08000ff9   Thumb Code     6  stm32f10x_rcc.o(.text)
    RCC_SYSCLKConfig                         0x08000fff   Thumb Code    18  stm32f10x_rcc.o(.text)
    RCC_GetSYSCLKSource                      0x08001011   Thumb Code    10  stm32f10x_rcc.o(.text)
    RCC_HCLKConfig                           0x0800101b   Thumb Code    18  stm32f10x_rcc.o(.text)
    RCC_PCLK1Config                          0x0800102d   Thumb Code    18  stm32f10x_rcc.o(.text)
    RCC_PCLK2Config                          0x0800103f   Thumb Code    20  stm32f10x_rcc.o(.text)
    RCC_ITConfig                             0x08001053   Thumb Code    26  stm32f10x_rcc.o(.text)
    RCC_USBCLKConfig                         0x0800106d   Thumb Code     8  stm32f10x_rcc.o(.text)
    RCC_ADCCLKConfig                         0x08001075   Thumb Code    18  stm32f10x_rcc.o(.text)
    RCC_LSEConfig                            0x08001087   Thumb Code    50  stm32f10x_rcc.o(.text)
    RCC_LSICmd                               0x080010b9   Thumb Code     6  stm32f10x_rcc.o(.text)
    RCC_RTCCLKConfig                         0x080010bf   Thumb Code    12  stm32f10x_rcc.o(.text)
    RCC_RTCCLKCmd                            0x080010cb   Thumb Code     8  stm32f10x_rcc.o(.text)
    RCC_GetClocksFreq                        0x080010d3   Thumb Code   192  stm32f10x_rcc.o(.text)
    RCC_AHBPeriphClockCmd                    0x08001193   Thumb Code    26  stm32f10x_rcc.o(.text)
    RCC_APB2PeriphClockCmd                   0x080011ad   Thumb Code    26  stm32f10x_rcc.o(.text)
    RCC_APB1PeriphClockCmd                   0x080011c7   Thumb Code    26  stm32f10x_rcc.o(.text)
    RCC_APB2PeriphResetCmd                   0x080011e1   Thumb Code    26  stm32f10x_rcc.o(.text)
    RCC_APB1PeriphResetCmd                   0x080011fb   Thumb Code    26  stm32f10x_rcc.o(.text)
    RCC_BackupResetCmd                       0x08001215   Thumb Code     8  stm32f10x_rcc.o(.text)
    RCC_ClockSecuritySystemCmd               0x0800121d   Thumb Code     6  stm32f10x_rcc.o(.text)
    RCC_MCOConfig                            0x08001223   Thumb Code     6  stm32f10x_rcc.o(.text)
    RCC_ClearFlag                            0x08001229   Thumb Code    14  stm32f10x_rcc.o(.text)
    RCC_GetITStatus                          0x08001237   Thumb Code    20  stm32f10x_rcc.o(.text)
    RCC_ClearITPendingBit                    0x0800124b   Thumb Code     6  stm32f10x_rcc.o(.text)
    USART_DeInit                             0x08001275   Thumb Code   134  stm32f10x_usart.o(.text)
    USART_Init                               0x080012fb   Thumb Code   210  stm32f10x_usart.o(.text)
    USART_StructInit                         0x080013cd   Thumb Code    24  stm32f10x_usart.o(.text)
    USART_ClockInit                          0x080013e5   Thumb Code    34  stm32f10x_usart.o(.text)
    USART_ClockStructInit                    0x08001407   Thumb Code    12  stm32f10x_usart.o(.text)
    USART_Cmd                                0x08001413   Thumb Code    24  stm32f10x_usart.o(.text)
    USART_ITConfig                           0x0800142b   Thumb Code    74  stm32f10x_usart.o(.text)
    USART_DMACmd                             0x08001475   Thumb Code    18  stm32f10x_usart.o(.text)
    USART_SetAddress                         0x08001487   Thumb Code    18  stm32f10x_usart.o(.text)
    USART_WakeUpConfig                       0x08001499   Thumb Code    18  stm32f10x_usart.o(.text)
    USART_ReceiverWakeUpCmd                  0x080014ab   Thumb Code    24  stm32f10x_usart.o(.text)
    USART_LINBreakDetectLengthConfig         0x080014c3   Thumb Code    18  stm32f10x_usart.o(.text)
    USART_LINCmd                             0x080014d5   Thumb Code    24  stm32f10x_usart.o(.text)
    USART_SendData                           0x080014ed   Thumb Code     8  stm32f10x_usart.o(.text)
    USART_ReceiveData                        0x080014f5   Thumb Code    10  stm32f10x_usart.o(.text)
    USART_SendBreak                          0x080014ff   Thumb Code    10  stm32f10x_usart.o(.text)
    USART_SetGuardTime                       0x08001509   Thumb Code    16  stm32f10x_usart.o(.text)
    USART_SetPrescaler                       0x08001519   Thumb Code    16  stm32f10x_usart.o(.text)
    USART_SmartCardCmd                       0x08001529   Thumb Code    24  stm32f10x_usart.o(.text)
    USART_SmartCardNACKCmd                   0x08001541   Thumb Code    24  stm32f10x_usart.o(.text)
    USART_HalfDuplexCmd                      0x08001559   Thumb Code    24  stm32f10x_usart.o(.text)
    USART_OverSampling8Cmd                   0x08001571   Thumb Code    22  stm32f10x_usart.o(.text)
    USART_OneBitMethodCmd                    0x08001587   Thumb Code    24  stm32f10x_usart.o(.text)
    USART_IrDAConfig                         0x0800159f   Thumb Code    18  stm32f10x_usart.o(.text)
    USART_IrDACmd                            0x080015b1   Thumb Code    24  stm32f10x_usart.o(.text)
    USART_GetFlagStatus                      0x080015c9   Thumb Code    26  stm32f10x_usart.o(.text)
    USART_ClearFlag                          0x080015e3   Thumb Code    18  stm32f10x_usart.o(.text)
    USART_GetITStatus                        0x080015f5   Thumb Code    84  stm32f10x_usart.o(.text)
    USART_ClearITPendingBit                  0x08001649   Thumb Code    52  stm32f10x_usart.o(.text)
    ESP8266_Clear                            0x0800167d   Thumb Code    18  esp8266_1.o(.text)
    ESP8266_WaitRecive                       0x0800168f   Thumb Code    42  esp8266_1.o(.text)
    ESP8266_SendCmd                          0x080016b9   Thumb Code    76  esp8266_1.o(.text)
    ESP8266_SendData                         0x08001705   Thumb Code    46  esp8266_1.o(.text)
    ESP8266_GetIPD                           0x08001733   Thumb Code    66  esp8266_1.o(.text)
    ESP8266_Init                             0x08001775   Thumb Code   284  esp8266_1.o(.text)
    USART2_IRQHandler                        0x08001891   Thumb Code    62  esp8266_1.o(.text)
    MQTT_NewBuffer                           0x08001a09   Thumb Code    88  mqttkit.o(.text)
    MQTT_DeleteBuffer                        0x08001a61   Thumb Code    28  mqttkit.o(.text)
    MQTT_DumpLength                          0x08001a7d   Thumb Code    46  mqttkit.o(.text)
    MQTT_ReadLength                          0x08001aab   Thumb Code    70  mqttkit.o(.text)
    MQTT_UnPacketRecv                        0x08001af1   Thumb Code   106  mqttkit.o(.text)
    MQTT_PacketConnect                       0x08001b5b   Thumb Code   666  mqttkit.o(.text)
    MQTT_PacketDisConnect                    0x08001df5   Thumb Code    48  mqttkit.o(.text)
    MQTT_UnPacketConnectAck                  0x08001e25   Thumb Code    30  mqttkit.o(.text)
    MQTT_PacketPublish                       0x08001e43   Thumb Code   452  mqttkit.o(.text)
    MQTT_PacketSaveData                      0x08002007   Thumb Code    88  mqttkit.o(.text)
    MQTT_PacketSaveBinData                   0x0800205f   Thumb Code   192  mqttkit.o(.text)
    MQTT_UnPacketCmd                         0x0800211f   Thumb Code   140  mqttkit.o(.text)
    MQTT_PacketCmdResp                       0x080021ab   Thumb Code   132  mqttkit.o(.text)
    MQTT_PacketSubscribe                     0x0800222f   Thumb Code   254  mqttkit.o(.text)
    MQTT_UnPacketSubscribe                   0x0800232d   Thumb Code    52  mqttkit.o(.text)
    MQTT_PacketUnSubscribe                   0x08002361   Thumb Code   268  mqttkit.o(.text)
    MQTT_UnPacketUnSubscribe                 0x0800246d   Thumb Code    18  mqttkit.o(.text)
    MQTT_UnPacketPublish                     0x0800247f   Thumb Code   440  mqttkit.o(.text)
    MQTT_PacketPublishAck                    0x08002637   Thumb Code    72  mqttkit.o(.text)
    MQTT_UnPacketPublishAck                  0x0800267f   Thumb Code    30  mqttkit.o(.text)
    MQTT_PacketPublishRec                    0x0800269d   Thumb Code    72  mqttkit.o(.text)
    MQTT_UnPacketPublishRec                  0x080026e5   Thumb Code    30  mqttkit.o(.text)
    MQTT_PacketPublishRel                    0x08002703   Thumb Code    72  mqttkit.o(.text)
    MQTT_UnPacketPublishRel                  0x0800274b   Thumb Code    36  mqttkit.o(.text)
    MQTT_PacketPublishComp                   0x0800276f   Thumb Code    72  mqttkit.o(.text)
    MQTT_UnPacketPublishComp                 0x080027b7   Thumb Code    30  mqttkit.o(.text)
    MQTT_PacketPing                          0x080027d5   Thumb Code    48  mqttkit.o(.text)
    OneNet_DevLink                           0x08002805   Thumb Code   212  onenet.o(.text)
    OneNet_Subscribe                         0x080028d9   Thumb Code    80  onenet.o(.text)
    OneNet_Publish                           0x08002929   Thumb Code    86  onenet.o(.text)
    OneNet_RevPro                            0x0800297f   Thumb Code  1436  onenet.o(.text)
    malloc                                   0x08002f1b   Thumb Code    94  h1_alloc.o(.text)
    free                                     0x08002f79   Thumb Code    78  h1_free.o(.text)
    vsnprintf                                0x08002fc9   Thumb Code    48  vsnprintf.o(.text)
    __2sprintf                               0x08002ffd   Thumb Code    38  __2sprintf.o(.text)
    _printf_str                              0x08003029   Thumb Code    82  _printf_str.o(.text)
    _printf_int_dec                          0x0800307d   Thumb Code   104  _printf_dec.o(.text)
    __printf                                 0x080030f5   Thumb Code   388  __printf_flags_ss_wp.o(.text)
    atoi                                     0x0800327d   Thumb Code    26  atoi.o(.text)
    strchr                                   0x08003297   Thumb Code    20  strchr.o(.text)
    strncat                                  0x080032ab   Thumb Code    36  strncat.o(.text)
    strstr                                   0x080032cf   Thumb Code    36  strstr.o(.text)
    strlen                                   0x080032f3   Thumb Code    62  strlen.o(.text)
    __aeabi_memcpy                           0x08003331   Thumb Code     0  rt_memcpy_v6.o(.text)
    __rt_memcpy                              0x08003331   Thumb Code   138  rt_memcpy_v6.o(.text)
    _memcpy_lastbytes                        0x08003397   Thumb Code     0  rt_memcpy_v6.o(.text)
    __aeabi_memclr                           0x080033bb   Thumb Code     0  rt_memclr.o(.text)
    __rt_memclr                              0x080033bb   Thumb Code    68  rt_memclr.o(.text)
    _memset                                  0x080033bf   Thumb Code     0  rt_memclr.o(.text)
    __use_two_region_memory                  0x080033ff   Thumb Code     2  heapauxi.o(.text)
    __rt_heap_escrow                         0x08003401   Thumb Code     2  heapauxi.o(.text)
    __rt_heap_expand                         0x08003403   Thumb Code     2  heapauxi.o(.text)
    __rt_heap_descriptor                     0x08003405   Thumb Code     8  rt_heap_descriptor_intlibspace.o(.text)
    __aeabi_errno_addr                       0x0800340d   Thumb Code     8  rt_errno_addr_intlibspace.o(.text)
    __errno$intlibspace                      0x0800340d   Thumb Code     0  rt_errno_addr_intlibspace.o(.text)
    __rt_errno_addr$intlibspace              0x0800340d   Thumb Code     0  rt_errno_addr_intlibspace.o(.text)
    __use_no_heap                            0x08003415   Thumb Code     2  hguard.o(.text)
    __heap$guard                             0x08003417   Thumb Code     2  hguard.o(.text)
    _terminate_user_alloc                    0x08003419   Thumb Code     2  init_alloc.o(.text)
    _init_user_alloc                         0x0800341b   Thumb Code     2  init_alloc.o(.text)
    __Heap_Full                              0x0800341d   Thumb Code    34  init_alloc.o(.text)
    __Heap_Broken                            0x0800343f   Thumb Code     6  init_alloc.o(.text)
    _init_alloc                              0x08003445   Thumb Code    94  init_alloc.o(.text)
    __Heap_Initialize                        0x080034a3   Thumb Code    10  h1_init.o(.text)
    __Heap_DescSize                          0x080034ad   Thumb Code     4  h1_init.o(.text)
    _printf_pre_padding                      0x080034b1   Thumb Code    44  _printf_pad.o(.text)
    _printf_post_padding                     0x080034dd   Thumb Code    34  _printf_pad.o(.text)
    _printf_truncate_signed                  0x080034ff   Thumb Code    18  _printf_truncate.o(.text)
    _printf_truncate_unsigned                0x08003511   Thumb Code    18  _printf_truncate.o(.text)
    _printf_int_common                       0x08003523   Thumb Code   178  _printf_intcommon.o(.text)
    _printf_charcount                        0x080035d5   Thumb Code    40  _printf_charcount.o(.text)
    _printf_char_common                      0x08003607   Thumb Code    32  _printf_char_common.o(.text)
    _sputc                                   0x0800362d   Thumb Code    10  _sputc.o(.text)
    _snputc                                  0x08003637   Thumb Code    16  _snputc.o(.text)
    _printf_cs_common                        0x08003647   Thumb Code    20  _printf_char.o(.text)
    _printf_char                             0x0800365b   Thumb Code    16  _printf_char.o(.text)
    _printf_string                           0x0800366b   Thumb Code     8  _printf_char.o(.text)
    _printf_wctomb                           0x08003675   Thumb Code   182  _printf_wctomb.o(.text)
    _printf_longlong_dec                     0x08003731   Thumb Code   108  _printf_longlong_dec.o(.text)
    _printf_longlong_oct                     0x080037ad   Thumb Code    68  _printf_oct_int_ll.o(.text)
    _printf_int_oct                          0x080037f1   Thumb Code    24  _printf_oct_int_ll.o(.text)
    _printf_ll_oct                           0x08003809   Thumb Code    12  _printf_oct_int_ll.o(.text)
    _printf_longlong_hex                     0x0800381d   Thumb Code    86  _printf_hex_int_ll_ptr.o(.text)
    _printf_int_hex                          0x08003873   Thumb Code    28  _printf_hex_int_ll_ptr.o(.text)
    _printf_ll_hex                           0x0800388f   Thumb Code    12  _printf_hex_int_ll_ptr.o(.text)
    _printf_hex_ptr                          0x0800389b   Thumb Code    18  _printf_hex_int_ll_ptr.o(.text)
    strtol                                   0x080038b1   Thumb Code   112  strtol.o(.text)
    __aeabi_memcpy4                          0x08003921   Thumb Code     0  rt_memcpy_w.o(.text)
    __aeabi_memcpy8                          0x08003921   Thumb Code     0  rt_memcpy_w.o(.text)
    __rt_memcpy_w                            0x08003921   Thumb Code   100  rt_memcpy_w.o(.text)
    _memcpy_lastbytes_aligned                0x08003969   Thumb Code     0  rt_memcpy_w.o(.text)
    __aeabi_memclr4                          0x08003985   Thumb Code     0  rt_memclr_w.o(.text)
    __aeabi_memclr8                          0x08003985   Thumb Code     0  rt_memclr_w.o(.text)
    __rt_memclr_w                            0x08003985   Thumb Code    78  rt_memclr_w.o(.text)
    _memset_w                                0x08003989   Thumb Code     0  rt_memclr_w.o(.text)
    __user_libspace                          0x080039d5   Thumb Code     8  libspace.o(.text)
    __user_perproc_libspace                  0x080039d5   Thumb Code     0  libspace.o(.text)
    __user_perthread_libspace                0x080039d5   Thumb Code     0  libspace.o(.text)
    __rt_ctype_table                         0x080039dd   Thumb Code    16  rt_ctype_table.o(.text)
    __Heap_ProvideMemory                     0x080039ed   Thumb Code    52  h1_extend.o(.text)
    _ll_udiv10                               0x08003a21   Thumb Code   138  lludiv10.o(.text)
    __lib_sel_fp_printf                      0x08003aab   Thumb Code     2  _printf_fp_dec.o(.text)
    _printf_fp_dec_real                      0x08003c59   Thumb Code   620  _printf_fp_dec.o(.text)
    _printf_fp_hex_real                      0x08003ec5   Thumb Code   756  _printf_fp_hex.o(.text)
    _printf_lcs_common                       0x080041c1   Thumb Code    20  _printf_wchar.o(.text)
    _printf_wchar                            0x080041d5   Thumb Code    16  _printf_wchar.o(.text)
    _printf_wstring                          0x080041e5   Thumb Code     8  _printf_wchar.o(.text)
    _strtoul                                 0x080041ed   Thumb Code   158  _strtoul.o(.text)
    _wcrtomb                                 0x0800428b   Thumb Code    64  _wcrtomb.o(.text)
    __rt_SIGRTMEM                            0x080042cb   Thumb Code    14  defsig_rtmem_outer.o(.text)
    __I$use$semihosting                      0x080042d9   Thumb Code     0  use_no_semi.o(.text)
    __use_no_semihosting_swi                 0x080042d9   Thumb Code     2  use_no_semi.o(.text)
    __semihosting_library_function           0x080042db   Thumb Code     0  indicate_semi.o(.text)
    __user_setup_stackheap                   0x080042db   Thumb Code    74  sys_stackheap_outer.o(.text)
    __rt_locale                              0x08004325   Thumb Code     8  rt_locale_intlibspace.o(.text)
    _printf_fp_infnan                        0x0800432d   Thumb Code   112  _printf_fp_infnan.o(.text)
    _chval                                   0x080043ad   Thumb Code    28  _chval.o(.text)
    _btod_etento                             0x080043c9   Thumb Code   216  bigflt0.o(.text)
    exit                                     0x080044a5   Thumb Code    18  exit.o(.text)
    __sig_exit                               0x080044b7   Thumb Code    10  defsig_exit.o(.text)
    __rt_SIGRTMEM_inner                      0x080044c1   Thumb Code    22  defsig_rtmem_inner.o(.text)
    _sys_exit                                0x08004511   Thumb Code     8  sys_exit.o(.text)
    __default_signal_display                 0x0800451d   Thumb Code    50  defsig_general.o(.text)
    strcmp                                   0x08004551   Thumb Code   128  strcmpv7m.o(.text)
    _ttywrch                                 0x080045d1   Thumb Code    14  sys_wrch.o(.text)
    _btod_d2e                                0x080045df   Thumb Code    62  btod.o(CL$$btod_d2e)
    _d2e_denorm_low                          0x0800461d   Thumb Code    70  btod.o(CL$$btod_d2e_denorm_low)
    _d2e_norm_op1                            0x08004663   Thumb Code    96  btod.o(CL$$btod_d2e_norm_op1)
    __btod_div_common                        0x080046c3   Thumb Code   696  btod.o(CL$$btod_div_common)
    _e2e                                     0x080049fb   Thumb Code   198  btod.o(CL$$btod_e2e)
    _btod_ediv                               0x08004ac1   Thumb Code    40  btod.o(CL$$btod_ediv)
    _btod_emul                               0x08004ae9   Thumb Code    40  btod.o(CL$$btod_emul)
    __btod_mult_common                       0x08004b11   Thumb Code   580  btod.o(CL$$btod_mult_common)
    __ARM_fpclassify                         0x08004d55   Thumb Code    40  fpclassify.o(i.__ARM_fpclassify)
    _is_digit                                0x08004d7d   Thumb Code    14  __printf_wp.o(i._is_digit)
    _get_lc_ctype                            0x08004d8d   Thumb Code    44  lc_ctype_c.o(locale$$code)
    _get_lc_numeric                          0x08004db9   Thumb Code    44  lc_numeric_c.o(locale$$code)
    _printf_fp_dec                           0x08004de5   Thumb Code     4  printf1.o(x$fpl$printf1)
    _printf_fp_hex                           0x08004de9   Thumb Code     4  printf2.o(x$fpl$printf2)
    __I$use$fp                               0x08004dec   Number         0  usenofp.o(x$fpl$usenofp)
    Region$$Table$$Base                      0x08004f04   Number         0  anon$$obj.o(Region$$Table)
    Region$$Table$$Limit                     0x08004f24   Number         0  anon$$obj.o(Region$$Table)
    __ctype                                  0x08004f31   Data           0  lc_ctype_c.o(locale$$data)
    temperture                               0x20000000   Data           1  main.o(.data)
    humidity                                 0x20000001   Data           1  main.o(.data)
    SystemCoreClock                          0x20000004   Data           4  system_stm32f10x.o(.data)
    AHBPrescTable                            0x20000008   Data          16  system_stm32f10x.o(.data)
    esp8266_cnt                              0x20000030   Data           2  esp8266_1.o(.data)
    esp8266_cntPre                           0x20000032   Data           2  esp8266_1.o(.data)
    buff                                     0x20000038   Data         256  main.o(.bss)
    esp8266_buf                              0x20000138   Data         128  esp8266_1.o(.bss)
    __libspace_start                         0x200001b8   Data          96  libspace.o(.bss)
    __temporary_stack_top$libspace           0x20000218   Data           0  libspace.o(.bss)



==============================================================================

Memory Map of the image

  Image Entry point : 0x08000131

  Load Region LR_IROM1 (Base: 0x08000000, Size: 0x00005088, Max: 0x00010000, ABSOLUTE)

    Execution Region ER_IROM1 (Base: 0x08000000, Size: 0x00005050, Max: 0x00010000, ABSOLUTE)

    Base Addr    Size         Type   Attr      Idx    E Section Name        Object

    0x08000000   0x00000130   Data   RO          251    RESET               startup_stm32f10x_hd.o
    0x08000130   0x00000008   Code   RO          498  * !!!main             c_w.l(__main.o)
    0x08000138   0x00000034   Code   RO          851    !!!scatter          c_w.l(__scatter.o)
    0x0800016c   0x0000001a   Code   RO          853    !!handler_copy      c_w.l(__scatter_copy.o)
    0x08000186   0x00000002   PAD
    0x08000188   0x0000001c   Code   RO          855    !!handler_zi        c_w.l(__scatter_zi.o)
    0x080001a4   0x00000000   Code   RO          481    .ARM.Collect$$_printf_percent$$00000000  c_w.l(_printf_percent.o)
    0x080001a4   0x00000006   Code   RO          582    .ARM.Collect$$_printf_percent$$00000001  c_w.l(_printf_n.o)
    0x080001aa   0x00000006   Code   RO          584    .ARM.Collect$$_printf_percent$$00000002  c_w.l(_printf_p.o)
    0x080001b0   0x00000006   Code   RO          588    .ARM.Collect$$_printf_percent$$00000003  c_w.l(_printf_f.o)
    0x080001b6   0x00000006   Code   RO          589    .ARM.Collect$$_printf_percent$$00000004  c_w.l(_printf_e.o)
    0x080001bc   0x00000006   Code   RO          590    .ARM.Collect$$_printf_percent$$00000005  c_w.l(_printf_g.o)
    0x080001c2   0x00000006   Code   RO          591    .ARM.Collect$$_printf_percent$$00000006  c_w.l(_printf_a.o)
    0x080001c8   0x0000000a   Code   RO          596    .ARM.Collect$$_printf_percent$$00000007  c_w.l(_printf_ll.o)
    0x080001d2   0x00000006   Code   RO          586    .ARM.Collect$$_printf_percent$$00000008  c_w.l(_printf_i.o)
    0x080001d8   0x00000006   Code   RO          480    .ARM.Collect$$_printf_percent$$00000009  c_w.l(_printf_d.o)
    0x080001de   0x00000006   Code   RO          587    .ARM.Collect$$_printf_percent$$0000000A  c_w.l(_printf_u.o)
    0x080001e4   0x00000006   Code   RO          585    .ARM.Collect$$_printf_percent$$0000000B  c_w.l(_printf_o.o)
    0x080001ea   0x00000006   Code   RO          583    .ARM.Collect$$_printf_percent$$0000000C  c_w.l(_printf_x.o)
    0x080001f0   0x00000006   Code   RO          593    .ARM.Collect$$_printf_percent$$0000000D  c_w.l(_printf_lli.o)
    0x080001f6   0x00000006   Code   RO          594    .ARM.Collect$$_printf_percent$$0000000E  c_w.l(_printf_lld.o)
    0x080001fc   0x00000006   Code   RO          595    .ARM.Collect$$_printf_percent$$0000000F  c_w.l(_printf_llu.o)
    0x08000202   0x00000006   Code   RO          600    .ARM.Collect$$_printf_percent$$00000010  c_w.l(_printf_llo.o)
    0x08000208   0x00000006   Code   RO          601    .ARM.Collect$$_printf_percent$$00000011  c_w.l(_printf_llx.o)
    0x0800020e   0x0000000a   Code   RO          597    .ARM.Collect$$_printf_percent$$00000012  c_w.l(_printf_l.o)
    0x08000218   0x00000006   Code   RO          581    .ARM.Collect$$_printf_percent$$00000013  c_w.l(_printf_c.o)
    0x0800021e   0x00000006   Code   RO          479    .ARM.Collect$$_printf_percent$$00000014  c_w.l(_printf_s.o)
    0x08000224   0x00000006   Code   RO          598    .ARM.Collect$$_printf_percent$$00000015  c_w.l(_printf_lc.o)
    0x0800022a   0x00000006   Code   RO          599    .ARM.Collect$$_printf_percent$$00000016  c_w.l(_printf_ls.o)
    0x08000230   0x00000004   Code   RO          592    .ARM.Collect$$_printf_percent$$00000017  c_w.l(_printf_percent_end.o)
    0x08000234   0x00000002   Code   RO          783    .ARM.Collect$$libinit$$00000000  c_w.l(libinit.o)
    0x08000236   0x00000000   Code   RO          611    .ARM.Collect$$libinit$$00000002  c_w.l(libinit2.o)
    0x08000236   0x00000000   Code   RO          613    .ARM.Collect$$libinit$$00000004  c_w.l(libinit2.o)
    0x08000236   0x00000008   Code   RO          614    .ARM.Collect$$libinit$$00000005  c_w.l(libinit2.o)
    0x0800023e   0x00000000   Code   RO          616    .ARM.Collect$$libinit$$0000000A  c_w.l(libinit2.o)
    0x0800023e   0x00000000   Code   RO          618    .ARM.Collect$$libinit$$0000000C  c_w.l(libinit2.o)
    0x0800023e   0x00000000   Code   RO          620    .ARM.Collect$$libinit$$0000000E  c_w.l(libinit2.o)
    0x0800023e   0x00000006   Code   RO          621    .ARM.Collect$$libinit$$0000000F  c_w.l(libinit2.o)
    0x08000244   0x00000000   Code   RO          623    .ARM.Collect$$libinit$$00000011  c_w.l(libinit2.o)
    0x08000244   0x0000000c   Code   RO          624    .ARM.Collect$$libinit$$00000012  c_w.l(libinit2.o)
    0x08000250   0x00000000   Code   RO          625    .ARM.Collect$$libinit$$00000013  c_w.l(libinit2.o)
    0x08000250   0x00000000   Code   RO          627    .ARM.Collect$$libinit$$00000015  c_w.l(libinit2.o)
    0x08000250   0x0000000a   Code   RO          628    .ARM.Collect$$libinit$$00000016  c_w.l(libinit2.o)
    0x0800025a   0x00000000   Code   RO          629    .ARM.Collect$$libinit$$00000017  c_w.l(libinit2.o)
    0x0800025a   0x00000000   Code   RO          631    .ARM.Collect$$libinit$$00000019  c_w.l(libinit2.o)
    0x0800025a   0x00000000   Code   RO          633    .ARM.Collect$$libinit$$0000001B  c_w.l(libinit2.o)
    0x0800025a   0x00000000   Code   RO          635    .ARM.Collect$$libinit$$0000001D  c_w.l(libinit2.o)
    0x0800025a   0x00000000   Code   RO          637    .ARM.Collect$$libinit$$0000001F  c_w.l(libinit2.o)
    0x0800025a   0x00000000   Code   RO          639    .ARM.Collect$$libinit$$00000021  c_w.l(libinit2.o)
    0x0800025a   0x00000000   Code   RO          641    .ARM.Collect$$libinit$$00000023  c_w.l(libinit2.o)
    0x0800025a   0x00000000   Code   RO          643    .ARM.Collect$$libinit$$00000025  c_w.l(libinit2.o)
    0x0800025a   0x00000000   Code   RO          647    .ARM.Collect$$libinit$$0000002C  c_w.l(libinit2.o)
    0x0800025a   0x00000000   Code   RO          649    .ARM.Collect$$libinit$$0000002E  c_w.l(libinit2.o)
    0x0800025a   0x00000000   Code   RO          651    .ARM.Collect$$libinit$$00000030  c_w.l(libinit2.o)
    0x0800025a   0x00000000   Code   RO          653    .ARM.Collect$$libinit$$00000032  c_w.l(libinit2.o)
    0x0800025a   0x00000002   Code   RO          654    .ARM.Collect$$libinit$$00000033  c_w.l(libinit2.o)
    0x0800025c   0x00000002   Code   RO          848    .ARM.Collect$$libshutdown$$00000000  c_w.l(libshutdown.o)
    0x0800025e   0x00000000   Code   RO          804    .ARM.Collect$$libshutdown$$00000002  c_w.l(libshutdown2.o)
    0x0800025e   0x00000000   Code   RO          806    .ARM.Collect$$libshutdown$$00000004  c_w.l(libshutdown2.o)
    0x0800025e   0x00000000   Code   RO          809    .ARM.Collect$$libshutdown$$00000007  c_w.l(libshutdown2.o)
    0x0800025e   0x00000000   Code   RO          812    .ARM.Collect$$libshutdown$$0000000A  c_w.l(libshutdown2.o)
    0x0800025e   0x00000000   Code   RO          814    .ARM.Collect$$libshutdown$$0000000C  c_w.l(libshutdown2.o)
    0x0800025e   0x00000000   Code   RO          817    .ARM.Collect$$libshutdown$$0000000F  c_w.l(libshutdown2.o)
    0x0800025e   0x00000002   Code   RO          818    .ARM.Collect$$libshutdown$$00000010  c_w.l(libshutdown2.o)
    0x08000260   0x00000000   Code   RO          502    .ARM.Collect$$rtentry$$00000000  c_w.l(__rtentry.o)
    0x08000260   0x00000000   Code   RO          669    .ARM.Collect$$rtentry$$00000002  c_w.l(__rtentry2.o)
    0x08000260   0x00000006   Code   RO          681    .ARM.Collect$$rtentry$$00000004  c_w.l(__rtentry4.o)
    0x08000266   0x00000000   Code   RO          671    .ARM.Collect$$rtentry$$00000009  c_w.l(__rtentry2.o)
    0x08000266   0x00000004   Code   RO          672    .ARM.Collect$$rtentry$$0000000A  c_w.l(__rtentry2.o)
    0x0800026a   0x00000000   Code   RO          674    .ARM.Collect$$rtentry$$0000000C  c_w.l(__rtentry2.o)
    0x0800026a   0x00000008   Code   RO          675    .ARM.Collect$$rtentry$$0000000D  c_w.l(__rtentry2.o)
    0x08000272   0x00000002   Code   RO          791    .ARM.Collect$$rtexit$$00000000  c_w.l(rtexit.o)
    0x08000274   0x00000000   Code   RO          822    .ARM.Collect$$rtexit$$00000002  c_w.l(rtexit2.o)
    0x08000274   0x00000004   Code   RO          823    .ARM.Collect$$rtexit$$00000003  c_w.l(rtexit2.o)
    0x08000278   0x00000006   Code   RO          824    .ARM.Collect$$rtexit$$00000004  c_w.l(rtexit2.o)
    0x0800027e   0x00000002   PAD
    0x08000280   0x00000000   Code   RO          687    .emb_text           c_w.l(maybetermalloc1.o)
    0x08000280   0x00000154   Code   RO            1    .text               main.o
    0x080003d4   0x0000001a   Code   RO           87    .text               stm32f10x_it.o
    0x080003ee   0x00000002   PAD
    0x080003f0   0x000001e0   Code   RO          119    .text               system_stm32f10x.o
    0x080005d0   0x00000038   Code   RO          137    .text               led.o
    0x08000608   0x00000194   Code   RO          175    .text               dht11.o
    0x0800079c   0x000000d4   Code   RO          190    .text               delay.o
    0x08000870   0x000001e8   Code   RO          216    .text               usart.o
    0x08000a58   0x00000040   Code   RO          252    .text               startup_stm32f10x_hd.o
    0x08000a98   0x000000dc   Code   RO          256    .text               misc.o
    0x08000b74   0x0000035c   Code   RO          268    .text               stm32f10x_gpio.o
    0x08000ed0   0x000003a4   Code   RO          280    .text               stm32f10x_rcc.o
    0x08001274   0x00000408   Code   RO          294    .text               stm32f10x_usart.o
    0x0800167c   0x0000038c   Code   RO          318    .text               esp8266_1.o
    0x08001a08   0x00000dfc   Code   RO          338    .text               mqttkit.o
    0x08002804   0x00000716   Code   RO          366    .text               onenet.o
    0x08002f1a   0x0000005e   Code   RO          389    .text               c_w.l(h1_alloc.o)
    0x08002f78   0x0000004e   Code   RO          391    .text               c_w.l(h1_free.o)
    0x08002fc6   0x00000002   PAD
    0x08002fc8   0x00000034   Code   RO          447    .text               c_w.l(vsnprintf.o)
    0x08002ffc   0x0000002c   Code   RO          449    .text               c_w.l(__2sprintf.o)
    0x08003028   0x00000052   Code   RO          455    .text               c_w.l(_printf_str.o)
    0x0800307a   0x00000002   PAD
    0x0800307c   0x00000078   Code   RO          457    .text               c_w.l(_printf_dec.o)
    0x080030f4   0x00000188   Code   RO          476    .text               c_w.l(__printf_flags_ss_wp.o)
    0x0800327c   0x0000001a   Code   RO          482    .text               c_w.l(atoi.o)
    0x08003296   0x00000014   Code   RO          484    .text               c_w.l(strchr.o)
    0x080032aa   0x00000024   Code   RO          486    .text               c_w.l(strncat.o)
    0x080032ce   0x00000024   Code   RO          488    .text               c_w.l(strstr.o)
    0x080032f2   0x0000003e   Code   RO          490    .text               c_w.l(strlen.o)
    0x08003330   0x0000008a   Code   RO          492    .text               c_w.l(rt_memcpy_v6.o)
    0x080033ba   0x00000044   Code   RO          494    .text               c_w.l(rt_memclr.o)
    0x080033fe   0x00000006   Code   RO          496    .text               c_w.l(heapauxi.o)
    0x08003404   0x00000008   Code   RO          506    .text               c_w.l(rt_heap_descriptor_intlibspace.o)
    0x0800340c   0x00000008   Code   RO          511    .text               c_w.l(rt_errno_addr_intlibspace.o)
    0x08003414   0x00000004   Code   RO          513    .text               c_w.l(hguard.o)
    0x08003418   0x0000008a   Code   RO          515    .text               c_w.l(init_alloc.o)
    0x080034a2   0x0000000e   Code   RO          519    .text               c_w.l(h1_init.o)
    0x080034b0   0x0000004e   Code   RO          533    .text               c_w.l(_printf_pad.o)
    0x080034fe   0x00000024   Code   RO          535    .text               c_w.l(_printf_truncate.o)
    0x08003522   0x000000b2   Code   RO          537    .text               c_w.l(_printf_intcommon.o)
    0x080035d4   0x00000028   Code   RO          539    .text               c_w.l(_printf_charcount.o)
    0x080035fc   0x00000030   Code   RO          541    .text               c_w.l(_printf_char_common.o)
    0x0800362c   0x0000000a   Code   RO          543    .text               c_w.l(_sputc.o)
    0x08003636   0x00000010   Code   RO          545    .text               c_w.l(_snputc.o)
    0x08003646   0x0000002c   Code   RO          547    .text               c_w.l(_printf_char.o)
    0x08003672   0x00000002   PAD
    0x08003674   0x000000bc   Code   RO          549    .text               c_w.l(_printf_wctomb.o)
    0x08003730   0x0000007c   Code   RO          552    .text               c_w.l(_printf_longlong_dec.o)
    0x080037ac   0x00000070   Code   RO          558    .text               c_w.l(_printf_oct_int_ll.o)
    0x0800381c   0x00000094   Code   RO          578    .text               c_w.l(_printf_hex_int_ll_ptr.o)
    0x080038b0   0x00000070   Code   RO          602    .text               c_w.l(strtol.o)
    0x08003920   0x00000064   Code   RO          604    .text               c_w.l(rt_memcpy_w.o)
    0x08003984   0x0000004e   Code   RO          606    .text               c_w.l(rt_memclr_w.o)
    0x080039d2   0x00000002   PAD
    0x080039d4   0x00000008   Code   RO          665    .text               c_w.l(libspace.o)
    0x080039dc   0x00000010   Code   RO          683    .text               c_w.l(rt_ctype_table.o)
    0x080039ec   0x00000034   Code   RO          689    .text               c_w.l(h1_extend.o)
    0x08003a20   0x0000008a   Code   RO          693    .text               c_w.l(lludiv10.o)
    0x08003aaa   0x0000041a   Code   RO          695    .text               c_w.l(_printf_fp_dec.o)
    0x08003ec4   0x000002fc   Code   RO          697    .text               c_w.l(_printf_fp_hex.o)
    0x080041c0   0x0000002c   Code   RO          702    .text               c_w.l(_printf_wchar.o)
    0x080041ec   0x0000009e   Code   RO          704    .text               c_w.l(_strtoul.o)
    0x0800428a   0x00000040   Code   RO          706    .text               c_w.l(_wcrtomb.o)
    0x080042ca   0x0000000e   Code   RO          708    .text               c_w.l(defsig_rtmem_outer.o)
    0x080042d8   0x00000002   Code   RO          719    .text               c_w.l(use_no_semi.o)
    0x080042da   0x00000000   Code   RO          721    .text               c_w.l(indicate_semi.o)
    0x080042da   0x0000004a   Code   RO          722    .text               c_w.l(sys_stackheap_outer.o)
    0x08004324   0x00000008   Code   RO          729    .text               c_w.l(rt_locale_intlibspace.o)
    0x0800432c   0x00000080   Code   RO          733    .text               c_w.l(_printf_fp_infnan.o)
    0x080043ac   0x0000001c   Code   RO          735    .text               c_w.l(_chval.o)
    0x080043c8   0x000000dc   Code   RO          737    .text               c_w.l(bigflt0.o)
    0x080044a4   0x00000012   Code   RO          768    .text               c_w.l(exit.o)
    0x080044b6   0x0000000a   Code   RO          770    .text               c_w.l(defsig_exit.o)
    0x080044c0   0x00000050   Code   RO          772    .text               c_w.l(defsig_rtmem_inner.o)
    0x08004510   0x0000000c   Code   RO          789    .text               c_w.l(sys_exit.o)
    0x0800451c   0x00000032   Code   RO          799    .text               c_w.l(defsig_general.o)
    0x0800454e   0x00000002   PAD
    0x08004550   0x00000080   Code   RO          801    .text               c_w.l(strcmpv7m.o)
    0x080045d0   0x0000000e   Code   RO          819    .text               c_w.l(sys_wrch.o)
    0x080045de   0x0000003e   Code   RO          740    CL$$btod_d2e        c_w.l(btod.o)
    0x0800461c   0x00000046   Code   RO          742    CL$$btod_d2e_denorm_low  c_w.l(btod.o)
    0x08004662   0x00000060   Code   RO          741    CL$$btod_d2e_norm_op1  c_w.l(btod.o)
    0x080046c2   0x00000338   Code   RO          750    CL$$btod_div_common  c_w.l(btod.o)
    0x080049fa   0x000000c6   Code   RO          747    CL$$btod_e2e        c_w.l(btod.o)
    0x08004ac0   0x00000028   Code   RO          744    CL$$btod_ediv       c_w.l(btod.o)
    0x08004ae8   0x00000028   Code   RO          743    CL$$btod_emul       c_w.l(btod.o)
    0x08004b10   0x00000244   Code   RO          749    CL$$btod_mult_common  c_w.l(btod.o)
    0x08004d54   0x00000028   Code   RO          787    i.__ARM_fpclassify  m_ws.l(fpclassify.o)
    0x08004d7c   0x0000000e   Code   RO          469    i._is_digit         c_w.l(__printf_wp.o)
    0x08004d8a   0x00000002   PAD
    0x08004d8c   0x0000002c   Code   RO          763    locale$$code        c_w.l(lc_ctype_c.o)
    0x08004db8   0x0000002c   Code   RO          766    locale$$code        c_w.l(lc_numeric_c.o)
    0x08004de4   0x00000004   Code   RO          655    x$fpl$printf1       fz_ws.l(printf1.o)
    0x08004de8   0x00000004   Code   RO          657    x$fpl$printf2       fz_ws.l(printf2.o)
    0x08004dec   0x00000000   Code   RO          786    x$fpl$usenofp       fz_ws.l(usenofp.o)
    0x08004dec   0x00000004   Data   RO            3    .constdata          main.o
    0x08004df0   0x00000011   Data   RO          477    .constdata          c_w.l(__printf_flags_ss_wp.o)
    0x08004e01   0x00000003   PAD
    0x08004e04   0x00000008   Data   RO          550    .constdata          c_w.l(_printf_wctomb.o)
    0x08004e0c   0x00000028   Data   RO          579    .constdata          c_w.l(_printf_hex_int_ll_ptr.o)
    0x08004e34   0x00000026   Data   RO          698    .constdata          c_w.l(_printf_fp_hex.o)
    0x08004e5a   0x00000002   PAD
    0x08004e5c   0x00000094   Data   RO          738    .constdata          c_w.l(bigflt0.o)
    0x08004ef0   0x00000011   Data   RO            4    .conststring        main.o
    0x08004f01   0x00000003   PAD
    0x08004f04   0x00000020   Data   RO          849    Region$$Table       anon$$obj.o
    0x08004f24   0x00000110   Data   RO          762    locale$$data        c_w.l(lc_ctype_c.o)
    0x08005034   0x0000001c   Data   RO          765    locale$$data        c_w.l(lc_numeric_c.o)


    Execution Region RW_IRAM1 (Base: 0x20000000, Size: 0x00000818, Max: 0x00005000, ABSOLUTE)

    Base Addr    Size         Type   Attr      Idx    E Section Name        Object

    0x20000000   0x00000002   Data   RW            5    .data               main.o
    0x20000002   0x00000002   PAD
    0x20000004   0x00000014   Data   RW          120    .data               system_stm32f10x.o
    0x20000018   0x00000004   Data   RW          191    .data               delay.o
    0x2000001c   0x00000014   Data   RW          281    .data               stm32f10x_rcc.o
    0x20000030   0x00000004   Data   RW          320    .data               esp8266_1.o
    0x20000034   0x00000002   Data   RW          367    .data               onenet.o
    0x20000036   0x00000002   PAD
    0x20000038   0x00000100   Zero   RW            2    .bss                main.o
    0x20000138   0x00000080   Zero   RW          319    .bss                esp8266_1.o
    0x200001b8   0x00000060   Zero   RW          666    .bss                c_w.l(libspace.o)
    0x20000218   0x00000200   Zero   RW          250    HEAP                startup_stm32f10x_hd.o
    0x20000418   0x00000400   Zero   RW          249    STACK               startup_stm32f10x_hd.o


==============================================================================

Image component sizes


      Code (inc. data)   RO Data    RW Data    ZI Data      Debug   Object Name

         0          0          0          0          0         32   core_cm3.o
       212         18          0          4          0       1035   delay.o
       404         16          0          0          0       2130   dht11.o
       908        314          0          4        128       3175   esp8266_1.o
        56          6          0          0          0        479   led.o
       340        146         21          2        256     232570   main.o
       220         22          0          0          0       1797   misc.o
      3580         42          0          0          0      15275   mqttkit.o
      1814        858          0          2          0       3683   onenet.o
        64         26        304          0       1536        796   startup_stm32f10x_hd.o
       860         38          0          0          0       5729   stm32f10x_gpio.o
        26          0          0          0          0       1178   stm32f10x_it.o
       932         36          0         20          0       8908   stm32f10x_rcc.o
      1032         22          0          0          0       8456   stm32f10x_usart.o
       480         38          0         20          0       1731   system_stm32f10x.o
       488         14          0          0          0       2925   usart.o

    ----------------------------------------------------------------------
     11418       1596        360         56       1920     289899   Object Totals
         0          0         32          0          0          0   (incl. Generated)
         2          0          3          4          0          0   (incl. Padding)

    ----------------------------------------------------------------------

      Code (inc. data)   RO Data    RW Data    ZI Data      Debug   Library Member Name

        44          6          0          0          0         84   __2sprintf.o
         8          0          0          0          0         68   __main.o
       392          4         17          0          0         92   __printf_flags_ss_wp.o
        14          0          0          0          0         68   __printf_wp.o
         0          0          0          0          0          0   __rtentry.o
        12          0          0          0          0          0   __rtentry2.o
         6          0          0          0          0          0   __rtentry4.o
        52          8          0          0          0          0   __scatter.o
        26          0          0          0          0          0   __scatter_copy.o
        28          0          0          0          0          0   __scatter_zi.o
        28          0          0          0          0         68   _chval.o
         6          0          0          0          0          0   _printf_a.o
         6          0          0          0          0          0   _printf_c.o
        44          0          0          0          0        108   _printf_char.o
        48          6          0          0          0         96   _printf_char_common.o
        40          0          0          0          0         68   _printf_charcount.o
         6          0          0          0          0          0   _printf_d.o
       120         16          0          0          0         92   _printf_dec.o
         6          0          0          0          0          0   _printf_e.o
         6          0          0          0          0          0   _printf_f.o
      1050          0          0          0          0        216   _printf_fp_dec.o
       764          8         38          0          0        100   _printf_fp_hex.o
       128         16          0          0          0         84   _printf_fp_infnan.o
         6          0          0          0          0          0   _printf_g.o
       148          4         40          0          0        160   _printf_hex_int_ll_ptr.o
         6          0          0          0          0          0   _printf_i.o
       178          0          0          0          0         88   _printf_intcommon.o
        10          0          0          0          0          0   _printf_l.o
         6          0          0          0          0          0   _printf_lc.o
        10          0          0          0          0          0   _printf_ll.o
         6          0          0          0          0          0   _printf_lld.o
         6          0          0          0          0          0   _printf_lli.o
         6          0          0          0          0          0   _printf_llo.o
         6          0          0          0          0          0   _printf_llu.o
         6          0          0          0          0          0   _printf_llx.o
       124         16          0          0          0         92   _printf_longlong_dec.o
         6          0          0          0          0          0   _printf_ls.o
         6          0          0          0          0          0   _printf_n.o
         6          0          0          0          0          0   _printf_o.o
       112          8          0          0          0        124   _printf_oct_int_ll.o
         6          0          0          0          0          0   _printf_p.o
        78          0          0          0          0        108   _printf_pad.o
         0          0          0          0          0          0   _printf_percent.o
         4          0          0          0          0          0   _printf_percent_end.o
         6          0          0          0          0          0   _printf_s.o
        82          0          0          0          0         80   _printf_str.o
        36          0          0          0          0         84   _printf_truncate.o
         6          0          0          0          0          0   _printf_u.o
        44          0          0          0          0        108   _printf_wchar.o
       188          6          8          0          0         92   _printf_wctomb.o
         6          0          0          0          0          0   _printf_x.o
        16          0          0          0          0         68   _snputc.o
        10          0          0          0          0         68   _sputc.o
       158          0          0          0          0         92   _strtoul.o
        64          0          0          0          0         92   _wcrtomb.o
        26          0          0          0          0         80   atoi.o
       220          4        148          0          0         96   bigflt0.o
      1910        128          0          0          0        672   btod.o
        10          0          0          0          0         68   defsig_exit.o
        50          0          0          0          0         88   defsig_general.o
        80         58          0          0          0         76   defsig_rtmem_inner.o
        14          0          0          0          0         80   defsig_rtmem_outer.o
        18          0          0          0          0         80   exit.o
        94          0          0          0          0         80   h1_alloc.o
        52          0          0          0          0         68   h1_extend.o
        78          0          0          0          0         80   h1_free.o
        14          0          0          0          0         84   h1_init.o
         6          0          0          0          0        152   heapauxi.o
         4          0          0          0          0        136   hguard.o
         0          0          0          0          0          0   indicate_semi.o
       138          0          0          0          0        168   init_alloc.o
        44         10        272          0          0         76   lc_ctype_c.o
        44         10         28          0          0         76   lc_numeric_c.o
         2          0          0          0          0          0   libinit.o
        38          0          0          0          0          0   libinit2.o
         2          0          0          0          0          0   libshutdown.o
         2          0          0          0          0          0   libshutdown2.o
         8          4          0          0         96         68   libspace.o
       138          0          0          0          0         80   lludiv10.o
         0          0          0          0          0          0   maybetermalloc1.o
        16          4          0          0          0         76   rt_ctype_table.o
         8          4          0          0          0         68   rt_errno_addr_intlibspace.o
         8          4          0          0          0         68   rt_heap_descriptor_intlibspace.o
         8          4          0          0          0         68   rt_locale_intlibspace.o
        68          0          0          0          0         68   rt_memclr.o
        78          0          0          0          0         80   rt_memclr_w.o
       138          0          0          0          0         68   rt_memcpy_v6.o
       100          0          0          0          0         80   rt_memcpy_w.o
         2          0          0          0          0          0   rtexit.o
        10          0          0          0          0          0   rtexit2.o
        20          0          0          0          0         68   strchr.o
       128          0          0          0          0         68   strcmpv7m.o
        62          0          0          0          0         76   strlen.o
        36          0          0          0          0         76   strncat.o
        36          0          0          0          0         80   strstr.o
       112          0          0          0          0         88   strtol.o
        12          4          0          0          0         68   sys_exit.o
        74          0          0          0          0         80   sys_stackheap_outer.o
        14          0          0          0          0         76   sys_wrch.o
         2          0          0          0          0         68   use_no_semi.o
        52          4          0          0          0         80   vsnprintf.o
         4          0          0          0          0         68   printf1.o
         4          0          0          0          0         68   printf2.o
         0          0          0          0          0          0   usenofp.o
        40          0          0          0          0         68   fpclassify.o

    ----------------------------------------------------------------------
      8226        336        556          0         96       6316   Library Totals
        16          0          5          0          0          0   (incl. Padding)

    ----------------------------------------------------------------------

      Code (inc. data)   RO Data    RW Data    ZI Data      Debug   Library Name

      8162        336        551          0         96       6112   c_w.l
         8          0          0          0          0        136   fz_ws.l
        40          0          0          0          0         68   m_ws.l

    ----------------------------------------------------------------------
      8226        336        556          0         96       6316   Library Totals

    ----------------------------------------------------------------------

==============================================================================


      Code (inc. data)   RO Data    RW Data    ZI Data      Debug   

     19644       1932        916         56       2016     291479   Grand Totals
     19644       1932        916         56       2016     291479   ELF Image Totals
     19644       1932        916         56          0          0   ROM Totals

==============================================================================

    Total RO  Size (Code + RO Data)                20560 (  20.08kB)
    Total RW  Size (RW Data + ZI Data)              2072 (   2.02kB)
    Total ROM Size (Code + RO Data + RW Data)      20616 (  20.13kB)

==============================================================================

